// Jest Snapshot v1, https://goo.gl/fbAQLP

exports[`FieldWrapper component should match snapshot 1`] = `
<DocumentFragment>
  <div
    class="sc-gtLWhw ctrBtn"
  >
    <label
      aria-labelledby="test-field"
      class="sc-egkSDF bnQofX"
      for="test-field"
    >
      Test Label
    </label>
    <input
      id="test-field"
      type="text"
    />
  </div>
</DocumentFragment>
`;
