// Jest Snapshot v1, https://goo.gl/fbAQLP

exports[`IconAndText should match snapshot when loading 1`] = `
<DocumentFragment>
  .c0 {
  display: flex;
  align-items: center;
  gap: 0.5rem;
  font-size: 1rem;
  padding: 0 1rem;
}

.c0:first-of-type {
  font-size: 2rem;
  border-bottom: 1px black solid;
  padding: 1rem 3rem 0.5rem 1rem;
  margin-bottom: 0.5rem;
}

.c0:first-of-type span {
  margin: 0;
  font-size: 1.5rem;
  font-weight: 600;
  line-height: 1.5rem;
}

<div
    class="c0"
  >
    <svg
      data-testid="mock-icon"
    />
    <span>
      Sample Text
    </span>
  </div>
</DocumentFragment>
`;
