// Jest Snapshot v1, https://goo.gl/fbAQLP

exports[`IconButton component should match snapshot 1`] = `
<DocumentFragment>
  .c0 {
  width: fit-content;
  padding: 0.25rem;
  border: 2px solid currentColor;
  border-radius: 1.5rem;
  background-color: transparent;
  cursor: pointer;
  display: flex;
  align-items: center;
  justify-content: center;
  color: #64a98c;
}

.c0 svg {
  color: currentColor;
}

<button
    class="c0"
  >
    Click Me
  </button>
</DocumentFragment>
`;
